// Jest Snapshot v1, https://goo.gl/fbAQLP

exports[`hero view matches snapshot 1`] = `
<section
  className="hero__container"
>
  <div
    className="hero__header"
  >
    <div
      className="hero__lightbulb"
    >
      <svg
        className="lightbulb__svg"
        fill="none"
        viewBox="0 0 55 48"
        xmlnsXlink="http://www.w3.org/1999/xlink"
      >
        <path
          d="M0 0h55v48H0z"
          fill="url(#lightbulb_pattern0)"
        />
        <defs>
          <pattern
            height="1"
            id="lightbulb_pattern0"
            patternContentUnits="objectBoundingBox"
            width="1"
          >
            <use
              transform="matrix(.00202 0 0 .00231 0 -.002)"
              xlinkHref="#lightbulb_image0"
            />
          </pattern>
          <image
            height="435"
            id="lightbulb_image0"
            width="496"
            xlinkHref="data:image/png;base64,iVBORw0KGgoAAAANSUhEUgAAAfAAAAGzCAYAAADQYEUkAAAACXBIWXMAAC4jAAAuIwF4pT92AAAgAElEQVR4nO3dTZAUx93n8azuHsTLNKBQOPwo0K4Ue1rpsGJPEo+NGFtiwB5ZMzaIF1006LB+bqCDfHoUluLxXqyD4fboIiA2wghb2MOgedYgrwVi9CD2BBfpKsImvA7HEzZ08zYvnRtZkz30TFV1V2VVd1VmfT/xzINc1TPTLzX968z8Z6YnpRQAAMAuFV4vAADsQ4ADAGAhAhwAAAsR4AAAWIgABwDAQgQ4AAAWIsABALAQAQ4AgIUIcAAALESAAwBgIQIcAAALEeAAAFiIAAcAwEIEOAAAFiLAAQCwEAEOAICFCHAAACxEgAMAYCECHAAACxHgAABYiAAHAMBCBDgAABYiwAEAsBABDgCAhQhwAAAsRIADAGAhAhwAAAsR4AAAWIgABwDAQgQ4AAAWIsABALAQAQ4AgIUIcAAALESAAwBgIQIcAAALEeAAAFiIAAcAwEIEOAAAFiLAAQCwEAEOAICFCHAAACxEgAMAYCECHAAACxHgAABYiAAHAMBCBDgAABYiwAEAsBABDgCAhQhwAAAsRIADAGAhAhwAAAsR4AAAWIgABwDAQgQ4AAAWIsABALAQAQ4AgIVqvGiAnfZ8tzmi7/hT+kvZLITYGvWApJSBY9o1IcTf9X9/rb/Ebz6tXwzcEkAheF3+oAHkbO+Lfki3A1oF82YpxI6lNE5+34z+3pe+5ZJcCvhr+uvr316sXwvcFsDAEOBAQeiw3trx9WzYPZOB/4gvRYBH/brrOtBVS/0aoQ4MDgEO5GTvS35gL31J3aqOoWABvtotP8ylH+gXf3uJQAf6hQAHBuTVl5qqG3xCBbYUYnzFb03wZ1jwAF9941tSiCndQp+aulT/e+C2AIwQ4EAfvfpSU3WFT+qW9nKXeOCvLnAgmmUBvvr7VJf7CR3mXwe+D0BsBDiQsY6W9hEhxJNhPz3wVxc4EM3yAO+kwvwoLXPADAEOZODVnc3NOrQn44xnB/7qAgeiORTgnU4KKaamPqtPBc4ACEWAAym8utNvbb+jw3uT/5Ni/EkFbhI4EM3RAG/f8IbuYj869RmtcqAbAhwwsG9n0+8iX56T3YkATxPgnU5KIY6e/YxKdiAMAQ4ksG9nc1K3uP2x7dC/ntCDPW4SOBCtRAHePnRJPednP2NVOKATAQ7EsDq420L/ekIP9rhJ4EC0EgZ4G0EOdCDAgS6igrst9K8n9GCPmwQORIsR4Nc71jVf+WvC/943R6361vl7Qr8zSn8CvI0gR+kJAhwIt29UB7cMD+620L+e0IM9bhI4EOm6XpNcrXbWXptcuXbmD8OhoZ3Ej77T6NwMZUTfN389dhnxISZUfwO87ZKQ4sjZy4yRo5wIcKDDvlF/eVPV4o61YUjo6dCDPW4SOOAvSbq8xrjaPOSj/zOce1D9cKQx0rGxylYRVsQnBhbg7RucVAWFZy9TtY5yIcCBpeBuTwd7fcXz0ePPI/R06MEeN5F+YLeXHL1WhLCOS4d6+yvwwSfwWKOE3DDkUNQN1PN39Ozl+juB2wCOIsBRevtGm+/oVdM2BZ6LHn8eoadDD4be5FI7tD/6vT2B3Ysf6NKfF6++nhxQgLepeeSTZy8zPg73EeAorf2j/jrlJ2SMAq4ooadDDy47q0JbbfDx0e/Tj1kX3Q93NNTY+YReDz76eY543kIOxb2BmkN+ZJpudTiMAEcp7V9qdf9UdM2AzAL8UnsDj1+XILSjTOxoPKWDfDK0qj/4vIUdin0DudStPjl9meVZ4SYCHKXSbnV33RmsU9eTEadXLgl64te/H2bXrVUmdvjj5pMrag5CnsyQQ7Fv0HHqrA5yWuNwCgGO0uhsdXfq+hfQ9WToaTW1SYX2icAZBEzs8KetHdGbwARa5SHPb+wbrDp1Q4c4Y+NwBgEO5+3f5VeYn4jaJazrX0DXkytOq6lMR3/9iTvFaIM28UIjsGhOj6e/6w0iTr07TaU6HEGAw2n7d/mbjpzwK8wjLvWIwzFO+qdVcL/z60/oJs/KxAuN5bn4PZ7+rq9P5Cnp1yRMTM/SpQ67EeBw1v5dq7rMIy71iMO9TvrB/SuCu29UkMvORXXCRL8+0aeWTtzSIU6XOqxFgMM5+3c1N+v51Svf+CMu9YjDUSdVQdQRgntwxkO61pcFX5/ep1aeeHN6tn40cBvAAgQ4nLJ/V7DKfFnEpR5xePXJ6zq4abHlZPyFRnDBnS4vXuSp4ImT07P1ycBRoOAIcDhj/y5/HfOp0BXVROgbd7fD7ZO3dHBTVV4A4y/4VetHl6efdXnxIk+Fn1Af0EYYF4dNCHA4Yf8uf/ew410fS8SlHnFY+OPc0g9v3tQLZnyp0O2okCE9LVrk6xp5wg/xyelZdjeDHQhwWO/AruY7MmR+d0DEpR5y2J8z/KsLdJcX3fj2RujcfhH+uvY44bslhRg5R4jDAgQ4rHZgV1N1bb8e6yqOuNGqw8f86vILtLptMb69EVr3EPFydzmxfFoNmxDiKDwCHNZqh7eIu2VlxI30YX9aEa1ue61ujUe83F1OBE4fOjdbp/YBhUWAw0qd4S3SB/hZ3WVOq9ty49sby4WMES935HUQcZoQR2ER4LDOgd1NtSzq6533O0WAv3n6wjDzgB0yvt2vVFdbtoYvABN+HXQ7TYijkAhwWMUPb9XyXnXZGgS4P855+gJrl7vqlagCtx4XS+hpKQ6d+5wQR7EQ4LDGcniL4LtswgC/rsObLnPHvbK98XAt/LYeF0vo6aWDhDgKhQCHFVaEtwi+yyYI8JOnLwyz6laJvLJUpT61vBRrj4sl9PTD9dNHzn1OdTqKocLrgKI7sLt5dEV4m3uT8C6f6ct+4G7VPS9pqFb8xR98y/9AAOSOAEehHdjtr7B2OIP7eIhitfKavuwvkTqid5FLox3iT5X9OUX+6EJHYR3Y7e/l/dvQ+xe/C92f3336PPO7seSVbzdOdOvRCb2Wggev6+506iiQG1rgKKQDu5d3FUtjqdKc8EYHvfNY2pb4s3pcHcgNAY7CObB7eT/v8F3F4mmHNwVHCMgoxHf84FsNqtKRGwIcRXRxuWLYDOGNnjIK8dd/8K0GhZHIBQGOQtEV55FbRMZAeCO2jEL8OJXpyANFbCiMg7ubk7LXnt5t4UVshDeMdBa2hb4jhh5cQW1Bu5WiNgwSLXAUwsGlorW007wIbxjJoCX+ZAZFl0AiBDiK4kTKorVDhDfS0CF+NsWPGH/5W40jgaNAnxDgyN3B9OPeb54+P0zrB1mYTLli2y9eZjwcA8IYOHJ18HvNESHFp+37EPtqfHjDkx+eZ3lUZOcH3/a3I/06yQYoq27mL/LyMePh6DNa4MjNwe8tz/c2dYnwRtbOzS4vu3rL8Eer3qR3AkeBjBHgyFOacW9V9TsROApk4NysvwFKmvHswy//Y2MkcBTIEAGOXBz8nr/O+XiK3z3x4Xn280b/nJv19/4+luIXnHj5H/3ueKAvGANHYmPbGuqD3xrTZ279Bm9TbUj8XyHEf/YPdFyCca5GKcX/aN6W/ytwAuiDSlVcFVL8tzg/WQb/x/+UUvwscMP45mau1Fu8rghDgCNgbFtjjQ7oIf2vCuya/kqtvsl72/PEoeWfkyDApRSfNG/LHwdOAH3iVcQTnhAz6tLt9RtCAlx5WUrxZeDGyc0JIVSYL+ivBzrgF3jty4kAL7mxbQ0VymuFEI/of41b1nGsW+89M7RGfLzipvED/Oa9u3JsYV7cDpwB+qhSEaNCiH/t9RsiAvyqlOJg4MbZaelwvy+EuDdzpX6fa6EcCPAS0i3s+iACe7X6Ju+U54nnVhyOGeALC+K1e3fkF4ETwABUKuJttWBQt98UEeDKT6QUHwW+oX9UiN8RQtylhe4uArwkdGiriu/1eRUvbqh7e6tV8fPAiRgBLlviWLMh0xQUAal4ntjoeX5X+paon9MlwBtSiu1C5NJ7pFrnDcLcPQS4w3Sx2bAO7kzGr00NDYmN6zZ44W9+vQP8q8YtORY4CgyY54nnPU/8Muq3dglw5ZiUqaras3BXhfnMlfpdrh37EeAO0uPaj+rwLoThjd7hSkUcDr0vPQJ8fl68fP+uzKIICEitW1d6jwBXXpBS/ClwdPAW9EI1Tarc7UWAO6Sjm7wwwS0etr4vR1bxdglwKcXx5m35L4HvAXLSrSs9RoCfkVK8FTian5bu1r9FkNuHAHdAEVvcnbq2vkXXAKfqHIUUVZUeI8BFgVrhnQhyCxHgFtNj3Cq4Nxb1UTyy1nvikbU95tBGBPjiovinu015IXB7oAAqFXFKiJUzKmIGeNFa4Z1U1/rfZq7Um4EzKBwC3FJj2xqqtf1Y0ZfDrW/y3vM8sSdwolNIgEsprjZvy37OnQVS8TzxhOeJzyIu5W4BLgraCu+kpqH9lar1YmMtdMuo7vKxbY3HhRDfKPrrp8a+Pc/vakxsYUEw7o1C0wFsWlUePaRUDGqNiP80tq3xKFdhcdECt8jYtsZG3WVuxQevnmPfbata4FKKM83bsqhdjMAyXdC2XKCZoAUuLGiFt83p1vhc4AxyRQvcAmqse2xb45s2dJm3qdZ3pSLeCJyIYX4u97myQCxS+oVfrrbC29Tslsd1AwIFQoAXnJ4atkWvoGaNR9Z5e7sWrkVQK649uC9taJUAvlZLfKBmTBg8G3uKXIC6isqKx8a2Nb6hi2dRkBcFBaUL1R7PexU1E5VK+EIXPTTu35fHu98EKCSjVviKXfnsMKxb49a9J7mIAC+osW2Nx2woVAuzYdgbDVvkohfVkmHON2zUavkblZi0wo2GmXLm9wrq3kHkiAAvINVNZVHXWkClataqeEDrG3YzaYXXPU/sDRwtvooO8UIuHlUWBHiB6GK1x4u6oloca9d6TwS2C41BVZ7P0/qGxXQrvGHwCLqvk1Bs3yDE80OAF4QuDHlcz7+01ppHzFrfc1Seww0fGDyK59SiMIGj9iDEc0KAF0BHeFs/pmSycIuU4hMqz+ECtfmO4cOwrZhtNUI8BwR4MXzThfAerpsVry0uGr/pAcWyNC/8jMF9MlqxsGAI8QEjwHOmC9as7jZvq1TFzsDB3m7evSO/yOHuAv1h1grfIgyXHS4YQnyACPAc6alizlzsJt3nrRatb7hFSvGlEOIrgwdl8gG4iL7BFLPBIMBzoj+lOrM0oe4+T7zy2oN78qPAQcB+Jh9MXWiBtz1OiPcfAZ4DfWF/w6XHZNJ9rorXmDoGF0kpTPaxrzsU4hXdEidj+ognd8A6Ks6dYtR9vmhU7AMUn3kxmyvd6EIX5jrVUCkaAnzwvuna827Yfd6405QmrRTAFp8Y3M/nA0fstp5dzPqHAB8gfSE7UXHeqVIxWnmN8IbT9DWedGU2NQ3zmcBRuz3GeHh/EOADoi/gx1x8bF7FqPvcpHUC2Mbkg6pL3ehtdKX3AQE+OE5ewGvXeU8YLN5C9znKgm70JWvGtjUeDRxFKgT4AOiucye7kGpDyd9spBQs3IJSMBwqSjwkZYnNdKVniwDvM73xvbOfPE3Gv1stus9RKrTCH3JyGDEvtXI+7IF61OUPSp6X/I1mYZ4WeL9Va/7rstET4umoXyWXVgu7vbjA69FnVw3GtdUHYxdfl7VqEauZK/Vm4AwSI8D7aGxbY61LS6WuZjj+/RU7j2VPBbbn+SGhgjsytDt5+r9rQ/4/Ksy/kFJcXVxghkDGTIJYvY6ubrH76Ni2xt2ZK/VW4AwSIcD7y+mijVot+XQXxr+zU6mKJyoVfxvKvSbL2K6iQv9pzxOHakP+1KcLrZY41loUfNhKSa2N7nniZsIPu66OgwudO5uEEH8LnEEijIH3iW59Ozfnu5PR+Pei352IFFRruzYkTlUq4jO9j3Ta8F5N/bw96uer36O745HOlwbf7dp88E4bWWY1PZ7A/nF/yoSX/A1mYcHojQy6xV0bEu95nvjlAFtoz6nfVxsS76vfHziLuEw+uLr8wamiW+FI+SQiY2VofYulArakIXKT8W8z1Zp4o1IRM6plnNNd2Kl+v7ofgTOIw2ToKGl9iW1ohafEk9cfzn+y1AVsieh9kpGAVxEbVevX88Q/96GrPKm6uh+qW13dL17H+AyvfZe70IXOH2eLfAeBAM+Ynve93qkHFcKwgI0AT6BaFc9Uq+JUAZfWfK5aFTPq/gXOoJuk3eguF7K10Y2eAgGevVJckF4l3lSlThSwxafC0av44Z34eR6QLer+EeKJmHyAdb3uoDa2reF8g6dfCPDslaJLyPOSv7HMz0la4DF0hHfeXea91AnxRG4afE8ZCgeLfp0XFgGeIf1JsizPadI3lsb8vLgdOIoVLArvNkI8PpMPsGXoRl+vhx6REAGerdJ8kvQSTiFj/Ls3VRjmVcR7Fl5HKsTfp7CtO/4GuqIb3QABnhE9HaJMF2HSkGH6WA/Vqh/eRR3z7mVLtSre73GbsjPpgSrLIjp0oxug2yI7pQnvDcOeyRaiBHgXtZoY9bKrNveXQlXrmqtW3+JisOXnd9V7/pfqoh3N6A30uVpNvLGwID4InEHb1ZJ0iyel9guvzVypL9h1t/NFgGdnnSsPpB9ky98sAyEqquvc81vfad2UUhxbWBAf9fo5OtTVl7rtW7Wa2Ot54nDaxUPUz6hWxYVF1lCPkrQVXqawX2/YS1FadKFnpzQtcK+SvDJWSv4wo1SrfnCmaQE3pBQ/mZ8X2+OEdxj1fer71c/RLXhT9UrFfzwIF+gNwTIaQQkR4BkY29ZYU6bn0vOSt9JokYWrLq0vfij0ZDxfLS6aB/dq6ueon2e4dnfbnirrpmepLM8lhWwJEeDZcH7d87RYAz1cytbqmfl5MdZqZdu7oX7e/Lw4qH5+4GRMtMIjmQwllebDkN5HAjER4NkoVdePySIuCKosTbsaDZyIR4X3W/18WvXPNw3xPRWmlYVhKKk7utETIMCzscaFB5FA0gCngC1EpWJc/f1Vv8O7Tf8eo+70SkXsDRwEuivbe2kqBHhKev431fxdUMAWzvOMpo01Wi3x48DRPmq1/BBPXNjmebltfVpkJkNJZapEJ8ATIMDT44JDYrp7OXGASyk+GHRBoPp9anpa4ERvT9ONvhLrIfRUY4/w+Hii0mPMBolVquJ54almaqIv1fo+nsez7S/O4ombSe+z/ziBZGgUxUSAp8dzCBPJl0yV4qOsK84T/XqZfKqax6pjSI4Aj4nwSa90F1vSjUyovA3yvOQt05Y0n9aVBdky+P3JrxWgWvpnICYCPL0yPoeJKqfZhSlU0rHhxuJCvs+jHntPuqc1Uw6RFC3wmAjw9LjYYCJpF3pRPgR9ETjSXaq11VFK5FJMPFHoO8+jEjktKRMHZ7/uB1XU6DdyKSaeqBTU9nfW3vl0ki7MwjgogLjo1YyJAE+nlAHOwiwAkD8CHAAACxHggAWKsoGMl7x6HkCfEOBAPpJOxypGHQHzulMxWENBmKxDj3IgwNF3hm9arktazf10tZpvK1yva550ZTWjncwcZtKDwToKCEWAIzGDKU0mW2a6zWBxG69ivHd4JipVo9/PtDOgTwhwIAfSYI90zxOHAgcHyGR7UCnZC34VVqZDZghwDMS69R7d6B1ky2hhli21IbE3cHQAajV/7fbEG5MUZQGaAjFZmY4udIQiwNOZs/nOm2otJh/XZDW2lfS64iat8MN57LHtVcTbgYO93cx7/fYCMnntyrbuwkLgCEIR4CnMXKm3rL3zA1apUsgWIMWFkC20e31tqdWMwtTY0JB42xPi6R73K/ClHt8g76clkv4dlLECnQCPiQBHYnNz0qRVRSHbKi2T7TmX7BkaUFe6+j2mY+8y5+1PCyppC5weDEQiwNMrXTf6/FzyLj2mkgXpbnSjaVaeJ37e7xDX4f3zwIl4ri7QfR4m6S50ZVy2+H7gCEIR4OmVtRs90fhtUVYSK5pWSxwzvUs6xN8InMiA+rkpwlu1vo8HDpac4YfYMn4IWgwcQSgCPL1SFrIZbGiStOVRCgsLfpW28WInnif+ec0acSqrRV5UgdyaNeJ99XMDJ+O7Oj/P+HcIk9co6Yp9Lijle6oJAjy9edsfgAmT6UFMJQvXaol/CT0R33PVqpgZGjKvUFffp76/VhOXhRA7AzdI9niMexUcZ/IhtowL4VDEFhMBnl5ZW+CJWwZUoodTY8VSiOOBMu5kX3WvIg7XhsS1NY+I94aGxGivMNehPapur75Pfb/6OSnvxxndq4AgutB7a81cqRPgMZVyP+uMlTPAW+JPoho43FWlQjd6lMUFcaw25C+WksVztMeriD21pY/nN3Ur7raU4ktdi9D+MllUpJubC/OpexNcljTAb5awiI3u8wQI8JTUXPCxbY2Fsj2Xd5ryi02PeoHjPdACj9BqidutRfFWpSpOZTzlbks7qD0vXdd4L61F8WP1OHrcrKw2GnxgKmP3ORXoCdCFno2yXnRJK9ETL8VZJn5XurSzBSul+AnTxqJ5nt+7klQZhyIeBI4gEgGejXsuPIikpMGOWus3eCZvZKUxPyc+UmFo0+OVUhxT9ztwAp1MhkbKuBEMLfAECPBslPKiM9lpikK23mwKcTXfe36OqvMYTD64lq1HY47lqZMhwDOgqyZLVzm5aFBtTDd6PDaEuLp/83MUrcWw0WAnt5slHAO/GziCrgjw7JSuFX73TvI10ftdSOUSFeKtlnitgBtaNGRL/BPd5vEYjn+XsZ7gTuAIuiLAs1PKi0/K5KuIMQ4e38K8+GJhXmxPs1pbxq4uLooxVlpLxKTXqSiv96AszFypM4UsIQI8IzNX6nfLuC66yYps1Rqt8CTU1Ky5B+Kg7lLPqzXekFL8TN2PxYVSTm9KY9Tge8tWgU73uQECPFuluwgXF8QngYM9eJ7RG1rpqS5r1RpXVd8DDHIV3MfU752fEx8EzqIrvXBO0vnfN0vYhV7Gfc9TI8CzVbqLUI+DJ33cWx5Z67E7mQHVGldV3zrIf9bHzS5udgT3MRZoMUbruze6zw0R4BmauVK/X8ZqdCmTj4cOraEVnoYO8g/mHojtrUXxcrUq/p+XeGG8ABXax1WBmvq5BHcm9hj8kLKNf98KHEEsLKWavaYQYrNrD6qbVktcrVaTvVFVKv7t6ZLNgFoBbf2wd0MI8Q+tlv96CNmS6oOV/yXEw3+XSf///P/Xkv7a9ur7tlv5BBSU7j43WcClbAWCzcARxEILPHul+zT54L40ecN5mu1Fs6da4ZWKKhT0RE1/VaqeqFQ80W6hy+WQf/hvIOCRBZNepqsl28CkyeIt5gjwjOmLsVSfKOfn/J2uEnf71YaMuhcBW5hc34mLQi33N65mcwR4f5TuopSSanSgzfP8JYPpPu/uPnt/p0OA94G+KMvWCjd549myYdgjxOEez6j1/VXJlk+l9Z0SAd4/pbo479+TfzJphVcSFr8BlthrcDfPBI64676etYMUCPA+KWMrvNUy6kbfyZxwuMSr+OFdN3hIZeo+/4/AESRGgPdXqVrhuho98WI2a9aIQ4GDgL1MrudPhCxN93mThVuyQYD3kW6F/93ZB7iKrkZP3IrwPLF3aMjfchGwmt55zKR4rSzV5y3GvrNDgPffrTKtzra4YDSOV39krUcrHPYzK15T682XZWvW21SeZ4cA7zM9L7w04z137sgvTNbnrlSMin6AwtArr5kEeFnCe27mSp3Wd4YI8AHQW42WZqeyxUV/t6yk1JQyQhzW8jxx2PC+Hw8ccdNfubqzRYAPzl/Lsl/4nGExW7Vq/AYI5CpF6/uqLEfx2t8pXMseAT4guiu9FJ9A5+fF7VbLaKOSLRvq3huBo0DB0fruiq7zPiHAB0h3pZdio4L5ObNFKSoVcbhGRToskqL1fdNk1oZlVMPlL1zP/UGAD576JOp8V9KD+/7KbEYV6WupSIdFUrS+TWpFbPNXqs77hwAfMN2V/pcyjIfPPTB7g/Iq4g1WZ4MNUrS+GyVoff9d9zqiTwjwHOhPpM53K6VphQ+toaANxed54j3DO/mB48Npdxn37j8CPCd6IX/ni9qMW+Ge2LNug/d84ARQEHrVtecM7o1qfbtcvDbHlLHBIMBzNHOl3nR9qdUUrXCmlaHQaH2HUuH9Zz1UiD4jwHOmu5mc3rUsRSv8OaaVoYjUbAk17dHgrrnc+m7pojXCe0AI8AKYuVL/q8shrlrhrZZZiKs3SgraUCSeJ54Rwrh3yNXWd0u3vFmsZYAI8IJwPsTvyeMmq7PpgjbTrkogcym6ztW8bxenjhHeOSHAC8TlENersxl3pQ/XPcbDkbtKRbxtuF2ocHTetwrtm4R3PgjwgtEh7uTuZc3b8gOTncrE0tzww1SlI0+VihgVQpguMnTVwS1D2wVrLNSSEwK8gGau1G+7uvnJwrx4K3AwplpNvM8yq8iDXrAlzVCOa63vu1Sb548ALyg9xezProX43TvyCynFJ4ET8dTXrfdOEeIYJM8TGz1PvK+uP8Nfe1xK8UXgqL3UCmt/IbzzR4AXmB5X+qMQ4r5Lj2vugfgXw4I25em167y3A0eBPvHSjXs3HCpc85eBZoW14iDAC059yp25Uv+zSwu+pJlWJvQqbcN1Qhz9V1laTMhkrfO2txyZNtYuVmNt8wIhwC2hP/WqAjAnCkZUQVuKrnQV4oc2bPD2Bk4AGalUxN4U872VTxzZsER1md+kWK14CHCL6C71m64sBHH/rnwrRVe6ah39nBBHP3gV8bzwxM9T/Gg159u4YLMg2q1uuswLypNSlv05sNLYtsYaIcRjQoi1Nj+O9Ru852s18cv2/459NT68YWN+Xhy8f09+GbhNiWzc7J1SG2uoP+flP2n93y31b0v9t/T/99J/65vIFV//pczPYZtXEc94nji1omgt5oUpH/7Hy1IKW69JNdb9Nz0bBgVGC9xSqjWux8atnm6mqtLTjIf7K7UNiVNr13nPBM4ACVXCwpCltp0AAA95SURBVDu5n1kc3mr2yx8JbzsQ4JbT083+qIvcrAzyZkMeSzMert5sa0PMEUc6erpY2vD+RLb89c5tc18HN5uRWIQudIeMbWuoD2SbVI+qbR/OhobERjXHW8adriND/+dX9+/Jgwvzzm7VGIku9HRUeFcqfng/HfqOGHow4KuWFAeFtOr6Uw2AxsyVulNTVcuCAHeQDvL1QohH1QJmtjzCdeu9Z2pDMVtA4QGuQujMnYa0vXgoMQI8nWrVv+6eE8FLa0nowRXUfO+DlnSdt/RKan+jstxuBLjjxrY11upAHLbhka5d7z0zNCQ+DpxYLSLA/f9uiWN3mtLFjSMiEeDmqlV/idTlud6h74ihBztOS/GaBautqaryWyq86SZ3gzWtM5jRXWP3x7Y1/kO3yjfofwvp/l35ZXXY+4maImZ6/9TGJ+s3eDfv3pGubR6BjFWr4o2UC7UoPylweC/o1naDHcPcQwu8hDq62Nfpfws3Xr5h2NvbNcS7tMC1xkKJppfRAk9O7S7meeJfV39jyLUUcdB3LOUsin5QH9rvqH8JbbcR4GjPKV+jA73937kb3ui9p5ZNDb0fvQNcady/J7eXoaiNAE+m23Sx0Gsp9KA402rlvljLgu4aV1/3KEYrFwIcoXSoqyGWR3QLvR3qtUEOvUSGeLwAV75q3pZjgaOOIcDj0xXnM0KILWHfFHotBQ8OKrxbOpyFDmv1Nd8Obsayy40AR+Ed2N28KITYseJ+xg9w5djp88NHAkcd8tr3mxelFDvSBPjH/173yvDX8Mq3G8HrqUPotbTy4Mlzn9cnA7cBBoyFXGCDCSHE9RT38/D+XU3ecCFe2d442i28Y1DXodMfBmEPAhyF9+HvhtUqcyN6Coypo/tHm1t5tcvrle2NiZS7i6nwHjn3ed2ZrX1hNwIcVsggxNUKdSf2jzY3B87Aea9sbzylXv8Uj1Ndd5OEN4qEAIc1Pvzd8LWU3ZfPqpZ44CjKYEp/iDOlWt7XuFJQJAQ4rPLh74ZVK+rdFPf59f2jzYnAUThLj3s/m+LxHSK8UUQEOKzz4e+G3xFCnE1xv1VX+lOBo3DOK9sbIynHvU+em62n6XoH+oYAh61UVfkNw/u+KeV4KCzwyvbGZt11burSuVmmi6G4CHBY6cPzflHbRIqith37R5vvBI7CJSdSjHvf0tcXUFgEOKz14fnURW0/ZWqZm8aXpoyNp3hwI+dmqThHsRHgsNqH5/2itpMpHgNd6Y4ZTz9l7M1zsxStofgIcLjgSIqV2p7dR1e6a46m6Do/e262zlRDWIEAh/X0eHiaYqOf7qMq3Qkpu85vpLyOgIEiwOGE00vj4W+meCx0pVtufKnqPM3rODnNuDcsQoDDGafPD6uuz0uGj2fHvlE2PLHcOym6zt+dnq1fDBwFCowAh2smU0wtO7qPtdKtNJ5uwZbr07N16iBgHQIcTjl9fvjrFOOYm3QrDvZJU3hGzwusRIDDOafPD0+lWGr1MAVtdhnf3phMsda56jpnyhisRIDDVWm60ilos4QuXDNtfdN1DqsR4HDS6aWpZaZvzqqgbSRwFEV0JEXhGl3nsBoBDmelrEpnMY+CG3/Bb32bLqVL1zmsR4DDdaZv8M8yrazwTFdcu8EHNLiAAIfT9AIv7xo+RsZHC2r8BX+989cN790RFmyBCwhwlMFRw4K2J/ftpBVeUKYfri5Nz9bT7BEOFAYBDufpgjbTrnRa4QWTsvXNBzI4gwBHKZxe2nbUZMcy1QqfCBxFnkxD+OT05frXgaOApQhwlIlpK9z0+5CxFJXnt3gd4RoCHKVx+sLwRcNpZTv27WxuDRxFHiYNK8+PTl+mcA1uIcBRNqZj2rTeisG09c20MTiHAEeppGiFv75vJzuV5Wn8hYaqRXjS4C7Q+oaTCHCUkWkrnArmfJk8/7S+4SwCHKWTohVOgOdEF6+NG/x2Wt9wFgGOsjJplT27bydbjebE9MMTO8vBWQQ4Sun0BX/P8BsGj51itnyYBDjzvuE0AhxlZtI6Y1GXAdMrrz1r8FtpfcNpBDjKzOQN/km60QfO5EPT9enL9YuBo4BDCHCU1ukLw6p79azB46cVPlgjBr+N1jecR4Cj7Ex2piLAB8uk+pwdx+A8AhxlZ/JGvyNwBH0x/kLDpPV9/SzFaygBAhyldvqCv9Vo4m70fTubJsGC5Og+ByIQ4IAQJsVOBPhgmDzPdJ+jFAhwwOwNn93JBiPp83yD7nOUBQGO0vvVUjX6rYTPAwHeZxNL87+Tbh3K1DGUBgEOLLmW8HlQ88FZla2/TKr9k76OgLVqvHSA76JBdfkvXt3Z/EXgqAwcCQjcJHAgmgz5nqE1Qnhe5LfE8qPvNMLvhQz8ukQPMPb3JfoFkQhwlAYtcGCJ1W/8cnX49QjDtGFfYAQ4SoMAB5ZYPXYqW4FDwVDvouLGO4EqYGPrUJQGAQ4sFbIZzQcvisWQABdRIR7S+nYkwClgQ6kQ4MBDJnuEF4MUYnEx4p6EhXgH1Z1eqQYO28je1w8wQIAD2q8uDKsW3CVbn4/FBSFaES3xbqpulLJeOnu5zvg3SoUAB1aaNJgTXhgqxMPGw6Oo8HakoI0pfSgdAhzooBd1mbT5OVFd6ZHd6ZoKbYfC+11a3ygjT4ZWuQDltm+0qUL8eK/x49DToQd73CRwIFrYPPDY32vy957jPPCQQyvPt8T16dk6q+KhlGiBAyF+dWFY7Wh1yObudNepoYLFRfZmR3kR4EAEHeJbbS5sc5UeJjg2c4WNS1BedKEDMej9v1Wh1HjnrUP/ekIP9rhJ4EC0Mnehq1a3qrSXUrw7c6X+TuAbgBIhwIEE9u1sbtatcn+f6tC/ntCDPW4SOBBtAAH+D0KI/6q/vtkzwKPOJw1xGfI/Zce/0l9oR031m/r432l5AwQ4UHI/+k5js975a8T/V4pNoe8KMpCxy8dFMH+jAzwsqMOP3xByObBN9mwHnMZuZEAJ7fluc6uUckQHd9Jd2PpJ1RuosL748edMDQO6IcCBktjz3eZER0v7yYI86lvtwFb/nvuczUiAuAhwwFF7X2w+JZe6xEdWF9/l7LoO7anpWVrZgCkCHHDI3hebD8eyi9XKvthuaU/PUoAGZIEAByz26kt+K7tdfKb+3VSQR3O9HdpnL9fZ5hPoAwIcsMyrLzW36vXaVWA/W6B7vzzN6+xntLKBfiPAgYLTc88n5MOu8aK0sm+0u8WnPmOaFzBoBDhQQPtGm1t1l/hkwVrZy9O8pi5RgAbkiQAHCmD/qN/KHpHFm+Z1o7MAbeoS07yAoiDAgZzs39V8ShefFW0xleVpXr+9SCsbKCoCHBigA7uanWPZhVxM5TcXaWUDNiDAgT46sNtvZbeneRVtMZWlwP6UaV6AjQhwIGMHdzc7x7KLNs3Lb2mf+cMw07wAyxHgQEoHv9dcuZtXAad5nfnDMNO8AMewnShg4LXvN5+S0p/iNRFoZQ9+283Vx9tj2l/LkNsv3zzqb7/L/Y86Hvprkj+ua+c+Zz45EBcBDiT02vebR4UQhyP/dPIP8JXnQo6LYga40GPzE+c+ZyU3oBcCHEjgte83TwghXhd+AEZ8HwEeOJDwcakQH2FrUaC7StezAJa99n1/DfLXeUb6Tg1JHHH8MQKpEeBAfBM8VwPDcw30QIAD8W3luRqYIk2/AwqJAAfio7BqcG6U5YECpghwID7WBR8cVocDeiDAgZh++W/DJ3SFNPrvKM8x0B0BDiQzqRdKQf8cOvc5u6ABvRDgQAK//LdhFSxqg5J3aY1nSn0oOimE+O/nPq+fcOhxAX3DQi5Ayf3oO40JPW1raY57lwVboo6L4PoscRdyOSv13uPnZlm4BUiCzUyAEtrz3eZWKeWRnDZfUT0XqpU9NT3LkqmAKQIcKIk93/X3Jp/UX08O+FG3d0Y7MT3L+DaQBQIccNieF5ubhfRb2UdyWBzl1nJoX64zLQzIGAEOOGjvi80J3dIez+HRnVXBffYyxWhAPxHggCP2vtgc0aGd57j2ibOfUYwGDAIBDljs1ZeaT8ml7vGJHMe1j059RjEaMGgEOGCZV19qbu4oRstrXPvo1CWK0YA8EeCABfbtbG6WS63siRzHtU9MXapPBc4AyAUBDhTYvp3NdmjnNa6t1iSf+u1FxrWBoiHAgYLZN9rc6nePy9zGtduhzbg2UGAEOFAA+0f9RVYmZH7j2n4F+W8+ZVwbsAUBDuRk/y6/GG1Ct7TzGNdWm4dM/eZTxrUBGxHgwIDt39VcuXnIYF1qr0P+m08Z1wZsRoADA3Bgd3OrkMtTv3LbPOTMH4YZ1wYcwXaiQJ8c2L00rq3XIX8y5babD/9nzOP60FkhRei4duTffpdtQ6OOh/76lY9ravoy4+tAlghwoA8O7G6q0P7Fip+cT4CHHheDD3Ch55JPTl+m6x7IQoVnEcjWwbDwhtCFehTMARmhBQ5k6OD3/O07v5Zh49y0wNv/44fTs1S+A2nRAgeyNZJDkZptJsr+BABZIMCBbG3l+ezpqYLfP8AKBDiQLaZp9UYRG5ABAhzI1kWez554joAMEOBAhk79b3+hlJM8p5Fu6EVlAKREgAPZO6JXP8NKatOUielZ5oEDWWAaGdAnB3Y320un7vB/Q3mnkV2XS/O/j7KIC5AdAhwAAAvRhQ4AgIUIcAAALESAAwBgIQIcAAALEeAAAFiIAAcAwEIEOAAAFiLAAQCwEAEOAICFCHAAACxEgAMAYCECHAAACxHgAABYiAAHAMBCBDgAABYiwAEAsBABDgCAhQhwAAAsRIADAGAhAhwAAAsR4AAAWIgABwDAQgQ4AAAWIsABALAQAQ4AgIUIcAAALESAAwBgIQIcAAALEeAAAFiIAAcAwEIEOAAAFiLAAQCwEAEOAICFCHAAACxEgAMAYCECHAAACxHgAABYiAAHAMBCBDgAABYiwAEAsBABDgCAhQhwAAAsRIADAGAhAhwAAAsR4AAAWIgABwDAQgQ4AAAWIsABALAQAQ4AgIUIcAAALESAAwBgIQIcAAALEeAAAFiIAAcAwEIEOAAAFiLAAQCwEAEOAICFCHAAACxEgAMAYCECHAAACxHgAABYiAAHAMBCBDgAABYiwAEAsBABDgCAhQhwAAAsRIADAGAhAhwAAAsR4AAAWIgABwDAQgQ4AAAWIsABALAQAQ4AgIUIcAAALESAAwBgIQIcAAALEeAAAFiIAAcAwEIEOAAAFiLAAQCwEAEOAICFCHAAACxEgAMAYCECHAAACxHgAABYiAAHAMA2Qoj/D1pva5YsE+ykAAAAAElFTkSuQmCC"
          />
        </defs>
      </svg>
    </div>
    <div
      className="hero__mlh-badge"
    >
      <svg
        className="mlh-badge__svg"
        fill="none"
        viewBox="0 0 86 150"
        xmlnsXlink="http://www.w3.org/1999/xlink"
      >
        <path
          d="M0 0h86v150H0z"
          fill="url(#mlh-badge-pattern0)"
        />
        <defs>
          <pattern
            height="1"
            id="mlh-badge-pattern0"
            patternContentUnits="objectBoundingBox"
            width="1"
          >
            <use
              transform="scale(.01163 .00667)"
              xlinkHref="#mlh-badge-image0"
            />
          </pattern>
          <image
            height="150"
            id="mlh-badge-image0"
            width="86"
            xlinkHref="data:image/png;base64,iVBORw0KGgoAAAANSUhEUgAAAFYAAACWCAYAAABEvn9DAAAT2UlEQVR4Ae1da4xV1RXe+84Mj4GZkZnOyCDUjKADGaplHrf8AMQatanWmJoYKMSYVFF+9IeoiakJBPqrPv80UatpA9VAsf1hqkmb2ETAtHVmLiACDQ+DCKKIM50HMMPIvbv5DrPurLvPPufsc19zZ+bs5Nz9Wnvttb699uOcvc+5Umiuo6OjXwhRrSVHUX8Enunq6nqRk8R4JArnDwEXsEoplT/2U5eTC9ipC0V+NTcBG1lsSIyVUlIvYgJWp4niWSAQAZsFaDZFXMBKKaOhwAa5TJpoKMjEo3Axl8UKISKLzQPeJmDzwDZiYQI2stiQdhEtt0IClgt5uV4Yt7RSuiY5ncyJr1mzRqRSKWOebWJvb6/44IMPMsivv/56cfvtt2ekHTt2THzyyScZaX6R2267TTQ3N2eQ7NmzR5w/fz4jjSImXXbv3k3ZoX0Xgu3t7ReklN+z4dTZ2WlDFkhz5swZ8eCDD6bpoOSmTZvScQT6+/vFXXfdlZHmF3nttddEa2trBsn+/fvFE088kZFGEZMu8Xicsn39VCr1bCKR+C0nKokxdsGCBeK5557jcrnCZWVlrrRSSYjFYi4DNQE7LvLeeeed41JvoSotGWALpeB48XVNXrnc0mKsfOeddxxd5s+fLx566KEMvV5++eV0XB9DUXYCO9dQ4AI2F+UuXLggdu3a5bDAxKEDS3kg0IEdGhrKpeqSK2sCdtLeIMyePVssW7asKI1gArYoFY9HJbfccot4/fXXi1K1afKatBZbKESjW9pCIWvg67LYaJfWgFIWSVNqjP3qq6/Ee++954KpqqpK4DY6n84E7KQdYwHsG2+8YcQvR2Bd61jXUGCsNUoMjYDLYnO58wpde4gCWIO++uqrviVwA4JHg6XgXMCWglBeMrS1tXllOel4LDgewEbLLd9myW+maYydtJNXfqHz55bTUICux10ikUhHL168KPT8dKYQrjxe9ttvvxUoz11PT4/A5eeOHz+ezsbTMn0H4dChQ+l8PZBMJgV/mI54Ls61TGhvb/9CSrkgF6ZTsOzmrq6u33C9c7JY7CvhOO3g4KB45ZVXxObNmx3e27ZtE1gz4tEgLBFrRNC8+eab4sknn8ygue+++wRZGs/jvMAHqwLUAXos8vFABdfNN98s3n//fSeNeMHfuXNnWp6XXnpJPPXUU0694IFy4IceRWXuvfdeR2ZMfrSm3bhxI8cqVNgEbKgxFsJhtm5sbHQEQ+033XSTIwQUAKBYlG/YsMFRBoDDET38c+fOOWn4AUiUR3QAHmCCF4ECGoS7u7udxiNadH9cH374YVqe9vZ2B0TIgTwAB55YnukyIg46fShKC2gZME1elkW9ybA5CIubO3euQwSroPC8efOchiArBQHyoRAc0TmR0R80HPiBBoCCnjukkQNfEygA9NFHH3XIYAy4jYXVmhz4P//886Ys6zTTGPu5lPJGGw7U2hASVgcfDmcNbrjhBkdBpBNoUJpoYH0AAKDgGhgYENXV194p0el4eR5GIwEc9AJc4AO+SOfykKVDNs4bcciDfF6O6vCbfB1Fx362dHV1bRuLCpETsJzRFA+7gHUNBaV6SzvRGs4F7ERToBTkjW5pi9gKJosNtdwqoqwTqioXsEqp6RNKgxIQVkrZ3tbWlnGQ0FkVLFq0aHpNTc0GKeWzUsp5JSDrhBNBKXVZCPGHZDL54oEDB07LeDz+K6XUr7E2n3DalKjASqnfxZLJ5CNCiAwzLlF5S14s7HCPvoocj0kpvxNClEfvJufebvKaAyOFycsZZ/nxeIAcAZ0T0BIW67qtRRIlc4B5OKdqJ3lhYFo2b968X0op50PX5ubmvVu2bBkUQvy3t7e3Z2hoaI6UsoJwILAR5yDzdKKdLD70hH7kk15lZWXn6urqjrW2tp7YuHHj/86ePftZT0/P90exOYvnsWmLjcViYvny5UuXL19O5UVnZ+eRvXv39hw8eLDs9OnTDVeuXLkZmRxMqlT300wmSIDk5+KSnlVVVYdbWlp67r777srVq1cvrqqqwrI0vTTdvn37R6ycND3oZvlCxOPxFv72yJUrV/Ba0OFDhw71Hzly5Opnn302vbe3t2FkZOQmEoJ8CApnipuUyKi4QBFdJl5NRUXFqYaGhvNLliy5Eo/Hpy9cuLC2sbGxtr6+HqumpZw2KAxg+S0sDxvLTp8+HWAv5WAT4alTp84cP378m66urosnT54s+/LLL2dfunSp9urVq/VCiJkEMOh5GHET0DyNAKGyepxk8PEvVVZWflFXV9d/4403Djc2NpbV19eXzZ07d1pTU1Ntc3Mztj2aRi8fNlZZKtBirdiMEjU1NS3Adc8997iK9ff3D5w7d+7C+fPnB3p7e7/r6+u72tfXl4I/ODgoBwcHYxcvXiy7fPlyxfDwcEUqlUoPUS5mQmBHNTlz5syRqqqqq9XV1ana2lpVU1MTq6urK6urq6uoq6ubUVtbWzlnzpyq6667rnrGjBmzhBBLTLwKkVaOCYwYK+UsvyiaV7+mpqYa15IlRdMtr/KHYQZMXQ9hwjCIaL0RsAYWe0Uh9oC8a5wiOVZjLLaecVaAHHY8seHGL8qbTD7ORMCYoG/QgTxdbytgcfiBO1TGrRfbxXTAApaN3VfsntJuJy9bamHs5n799dfO7i1kpq117NrSgQ0c5sg7sKjgxIkTDh7Y81+9erXAK+4HDhxIYwSLJmBxUAInXsjR9ja2mQE0tT6sAXnYqi6UI9khN9WDhseBDGyXI6w7pOHkDeRFOYDOjUin94oHWiyvHK2JEy3k1q1b54A+axZWMtccnXThcUrD8R0cmkDrkzUQHXyATg7Hl9BI9DYjGo7AQQ/yOgcLGXHBEh944AGHHeokuR9//HFx6dIlqsblgy+9NQlDALCQH41EZyJchQwJgcDyU4B6dyBL5l0eCsEB7LVr1zpWAaHQQFDITzjdMlCG0qAcgEXvwPkrL0eNQ40AOmpYhAlUWCPARq+B/E8//bTTCzkt0vfu3etUBVl0/b1kQHooYDmAHHD+JQsaIkBLVqILwMviFUwIDIWoUXR6Huc0AAfAcMcBpXReBg0OcFGOxlPQQQaSHfIhjouGNUojnkF+ILBUGU71cWvjQwQpxxWANeNrFgAY5eDrnyMhhbwaIEj4LVu2OMp70RGIPB9yQCfSCzKju1PvAy1ZLemFNK4v5+cV9gWWWxbAAXMIBkeVI2xKw8oA3Zi6MiyTgOVlcboQNLA0KEKTm5fAYdIJRA4aL2963oF8AhEyUeNARgxp8JEPbCAvGtfkfIHlBcBw/fr1ThKUp8qRgC4Dxxti1apVjiAAERbBHbds5OMCfzia3Dg9wry36HlBcX76kHd5Xg49khoAqx5y1DjgoX8FhFs00ZPvCyyEwFlSmpmpEIGAOMY5clwBTFwEOOWbfCjEj1NyADk/6hUmHjZpplkduuGicfmOO+5wxl8CGHz9GsJPJl9gwRhLD1ywUOoC8KlyPj7ylvYDlVv7Cy+8kFZMB4jz0/Ns4hwU1Ik4BwMNSqCCH7dOagjkw3iQh4t4cAMwyRIILBUixnwmpTzyycIwLvk5CE2OK0Zptj5us9EdaTihcqZPPVEeB4TkpTySBT4BS+tiorH1rYG1Yfj22287ZNwibcqFoSHlUUYH1I8PaOHQEJhIwQfGwp3XRMRpbMN5BZYq1QWmdPKhAClKaSafr48pn+6q+ESJPNPQQ+M8rJRkAqDF+MqGbG9v/1hK6XwSrbKy8uimTZtG4vH4D/mkREpFvhmBRCIB3GJDQ0OLQaGU6swAlhebNm2aM2jjG4GYLVesWMGzp2wY70pgVYRb3Y8++gifBhxWSs3ggDjAdnR04AOFHTzDFMbmX21trVi8eLFYuXKlwKM0bCxOdgcA9+3bJz799FOBtx2/+w4nsgJdl1y2bFl9eXn5A0qpn0opVwkhagOLjRLgFUmMX/X19QKvIGFMvPXWW43jnS3P8aLDTQsAhDWeOnXK+Wrn5cuXXbvJPvINKaU+xKtqUsq/unZC29rafhSLxf5D28v6NrUP44wsAn3OnDkO8Ph0KV5RampqEosWLRINDQ1FtfiDBw+Ko0ePim+++UbgXd2+vj7njhDv59ITrwwF7CP/TiaTW3t7e/d8/vnnw1TMBWxLS0ttZWVlxtvA+v5+tmBTpdxHA1RUVIjy8nLHx9iOOPk4nYMLdPCD3PDwsAMUvjyHMPxcXzimOvH+Ghkc5IFTSj3c3d39J6Ih32q5xYFEmJgTE/ichqcHhaF0vhQPqitMPnQkIBHmOkNXAtaLpxWweuEgEEmIIDqdbzHjHCwKk58PObICNqhiL0AhuJ6HNHKUR2mI8zDR6T5oiA55FCaf6HU6Si+EXxBgvQQl4Hh+UJopnwAiH/wIRHRfUxleZzHCRQU2XwoBOD/wdMApTr5f2XzJOCGBDVLeD3gCFzwoTH4Q3zD5kxJYPwD8QKdyBDT3kYe4rZtywNoA4we+LbgRsDZIMxrb8Tn4VoYxjYL2CETA2mMVijICNhRc9sQRsPZYhaKMgA0Flz1xBKw9VqEoI2BDwWVPHAFrj1UoyqxuEHAojg74BtWG04SmMwQ2PHBSBSes9fI4b8XPe3nJgHKoX3f0rkEQD6/yOj9T3GprRi/42GOPCVy27plnnsk42o5j735HlThfHPVBeX4Qz+8IES+LME7l4JwuHSfCSZi33nrL+vQiDoaYjvVTPV5bM0UZCujzpRAGJ1JsQQU9doHDNCIpTL5eH3jx81tE5+XjhE0YeYlPUYDl562Cuh8Jxn3T8SGeHxSm40Wg47IElaN8v3OwRKP7WY2x+rkpnSniODdlCyLv5iiLchwMnT/+cM3P6gAEtzI/MDGO6mM46raVXZeN4lkBCyB0MIgh+bAy2wlO/+dNlMPrSF5OPwit06E8B1bP53G8hYP3vrgz/UMoz7cJF2UosBFkstFkZbEAwW+5hG5qa63ZAIpuCov06q5+w0g29WVTJitgoRS94plNpbmWQVctBfD89MhqKKBXIv0YFyoPjVrqoEL3rID16oKFApPzzWbpw9954LwKGc5qKOAC4c6G3v/i6cUKY0bXZ/Vi1e1XT1YWyxnSrSJPi8IWLykHgZSPYQFvsXBXzDEUQ4tefz50ynkoAAg2D0W83lsFoLm8xWLzQEj/9ApvREyGuPLtch4K8i2QiV+uww2/pS3WRFZ0YHErHPYFO/2bNCbwbdNgvWEcGjVsGfDPCtiwFqTT4/kqhNUffugKowH0WT8bi+MNiQfn+vNdvV7EITNo8RwjSE5T+awedJsYTdW0cX3QPRVBz2oomIpAhdU5AjYsYpb0EbCWQIUlC32DgLsSPN3yehhCO5q4ceCbiLpg2JamZQwW6Hg31+QwI2MrhlYWuCHwetaL73HRCsCWJ5cTS0F67sDTuawmGU1poYG1vVNBA/htAtLWDhoo6NkuwKL/N/TbsaVb0TA8uZyQF0ss1MfTSVYTgF5poYGlTTxYkO3C3bRmpQ1JbvlQgNIhMIFIdRJwyAPQ+pqW1pucJ9IoHeXI2omnDgx6GfU6PS9MPDSwxBytSt2G0rx8AGvT6gCV8yRgTXwxPNg41M15Bj3XCLMJ6ld/1sDis076v8cDGPpkHa8UYzK3LnwByRYYzoeH9br1sZjT2obRC9ErIG+u8oUGFmMQLAldSR9DEQdooOEOEwF3Xi9IgK+flaKXkPJ63eCPvFwAwdCGOQTyws/FhQYWymHHgI93ABnfz4KDUDqwUBblyAGAbBzK3X///a49L1gY6tUbMJs6MGyEOVvmVUdoYMGIg+TFmKeD3maMxXiIC443FucFcHVe2TYU50th1I9ewydAygvjhwbWb33oVbHpVAssg08qKItxUgeN84RF4qRgkONABw0vJl5bt271PYljKqOnhQYWLWka34ixPgxQej58PvyY+OELyXDoIQDXj96v16FxcdHSzFRXUFpoYPk6U2eOPBIY1qdbJKcnPpyO0oiOylM6pyUa8pFHwwjS8JlrrwkI/KhncJ7cKDAv0GdZqX6qy8aPnsfaoORDEz2P9QGnEFnR061CoJrtnleBZJlUbCOLLVBzRsAWC9gZM2akPyNXoDonFVsp5RWTQi6LTSQSl5VSa0f/y9pUJkobQ+C4lPKfY9GxkAtYZHV3d+8aGRlpSKVSjyilPlBKpcaKTPkQvrq5C18vnTVrVktnZ2fGdyAJHdcNAmVwv6OjY65Sao2UEn+EcO1PDzjBFAgrpf4lpdw+MDCw89ixY2Nfb/fQ3QpYXjYej9+STCbXSSlxLeR5ky2slDoppfwTrs7OzlNh9AsNLGfe2tq6MhaLAeCHhBBzeN4EDg8IIXYnk8kd+/fv35etHjkBS5W2tLRMmzlz5k9Gh4qfCSEyvllNdCXsXxVC/D2VSu3o6en5G//AbrYy5wVYXnlzc3PV7Nmzfz4K8o+llMYJkpcZx/AnAFMIsSORSHybTznyDiwXbnTSe1gIsV5K+QOeN15hpRT+yQ3/hLGju7v7cKHkKCiwXOj29valmPCUUr+QUjr/6s7zCxzGEundUTD/IYQo+PKxaMAy4GRra+uKQk966tpHCPdIKXcMDAz8xWaJxGTMOTgewKaFLsSkR0skIcQfu7q6zqQrK3JgXIHlumLSq66uXqOUWieEWCW9Dh/wQmPhXiHEn1Op1PZEIvHxWPL4hUoGWA5BR0fHAjyvCJj00kuk4eHhd48cOTLCeYx3uCSB5aCMTnqPYH8Qf3inlDqslPq9EGJnvpdIvN5cw/8Hp40ZngBS+8QAAAAASUVORK5CYII="
          />
        </defs>
      </svg>
    </div>
    <div
      className="hamburger"
    />
  </div>
  <div
    className="hero-title-area"
  >
    <div
      className="hero-title-area__title-text"
    >
      cruzhacks 2020
      <div
        className="hero-title-area__slogan hero-title-area__slogan-text"
      >
        you.belongHere();
      </div>
    </div>
    <div
      className="hero-title-area__eventInfo hero-title-area__eventInfo-text"
    >
      <p>
        // Coming in January 2020
      </p>
      <p>
        // Location (TBD), UC Santa Cruz
      </p>
      <p>
        // Applications Release Nov.
      </p>
    </div>
    <div
      className="hero-title-area__button"
    >
      <p
        className="hero-title-area__button-text"
      >
        SPONSOR US
      </p>
    </div>
    <div
      className="hero-subscribe-to-email-list-container"
    >
      <input
        className="placeholder-ok"
        id="emailInput"
        onBlur={[Function]}
        onChange={[Function]}
        onFocus={[Function]}
        placeholder="Enter email for updates!"
        required={true}
        type="email"
        value=""
      />
      <input
        onClick={[Function]}
        type="submit"
        value="SUBSCRIBE"
      />
    </div>
    <div
      className="navigate-to-bottom-container"
    >
      <svg
        className="navigate-to-bottom-outer-circle"
        fill="none"
        height="66"
        viewBox="0 0 66 66"
        width="66"
        xmlns="http://www.w3.org/2000/svg"
      >
        <circle
          cx="33"
          cy="33"
          fill="#F9F9FF"
          r="33"
        />
      </svg>
      <svg
        className="navigate-to-bottom-middle-circle"
        fill="none"
        height="44"
        viewBox="0 0 44 44"
        width="44"
        xmlns="http://www.w3.org/2000/svg"
      >
        <circle
          cx="22"
          cy="22"
          fill="#F1F1FF"
          r="22"
        />
      </svg>
      <svg
        className="navigate-to-bottom-inner-circle"
        fill="none"
        height="24"
        viewBox="0 0 24 24"
        width="24"
        xmlns="http://www.w3.org/2000/svg"
      >
        <circle
          cx="12"
          cy="12"
          fill="#E5E5FD"
          r="12"
        />
      </svg>
      <svg
        className="navigate-to-bottom-arrow"
        fill="none"
        height="45"
        viewBox="0 0 16 45"
        width="16"
        xmlns="http://www.w3.org/2000/svg"
      >
        <path
          d="M7.29289 44.7071C7.68342 45.0976 8.31658 45.0976 8.7071 44.7071L15.0711 38.3431C15.4616 37.9526 15.4616 37.3195 15.0711 36.9289C14.6805 36.5384 14.0474 36.5384 13.6569 36.9289L8 42.5858L2.34314 36.9289C1.95262 36.5384 1.31946 36.5384 0.928931 36.9289C0.538406 37.3195 0.538406 37.9526 0.928931 38.3431L7.29289 44.7071ZM7 3L7 44L9 44L9 3L7 3Z"
          fill="#333333"
        />
        <line
          stroke="#333333"
          strokeLinecap="round"
          strokeLinejoin="round"
          strokeWidth="2"
          x1="8"
          x2="8"
          y1="1"
          y2="18"
        />
      </svg>
    </div>
  </div>
</section>
`;
